// Jest Snapshot v1, https://goo.gl/fbAQLP

exports[`Storyshots AlertMessage Custom Style 1`] = `
<View
  style={
    Array [
      Object {
        "justifyContent": "center",
        "marginBottom": 25,
        "marginTop": 25,
      },
      undefined,
    ]
  }
>
  <View
    style={
      Array [
        Object {
          "alignItems": "center",
          "alignSelf": "center",
        },
        undefined,
      ]
    }
  >
    <Text
      accessible={true}
      allowFontScaling={true}
      ellipsizeMode="tail"
      style={
        Array [
          Object {
            "color": "#CCCCCC",
            "fontFamily": "Avenir-Book",
            "fontSize": 17,
            "fontWeight": "bold",
            "marginLeft": 10,
            "marginRight": 10,
            "marginTop": 10,
            "textAlign": "center",
          },
          undefined,
        ]
      }
    >
      ALERT ALERT
    </Text>
  </View>
</View>
`;

exports[`Storyshots AlertMessage Default 1`] = `
<View
  style={
    Array [
      Object {
        "justifyContent": "center",
        "marginBottom": 25,
        "marginTop": 25,
      },
      undefined,
    ]
  }
>
  <View
    style={
      Array [
        Object {
          "alignItems": "center",
          "alignSelf": "center",
        },
        undefined,
      ]
    }
  >
    <Text
      accessible={true}
      allowFontScaling={true}
      ellipsizeMode="tail"
      style={
        Array [
          Object {
            "color": "#CCCCCC",
            "fontFamily": "Avenir-Book",
            "fontSize": 17,
            "fontWeight": "bold",
            "marginLeft": 10,
            "marginRight": 10,
            "marginTop": 10,
            "textAlign": "center",
          },
          undefined,
        ]
      }
    >
      ALERT ALERT
    </Text>
  </View>
</View>
`;

exports[`Storyshots AlertMessage Hidden 1`] = `null`;
